[    0.000000] Linux version 4.15.0-212-generic (buildd@lcy02-amd64-083) (gcc version 7.5.0 (Ubuntu 7.5.0-3ubuntu1~18.04)) #223-Ubuntu SMP Tue May 23 13:09:22 UTC 2023 (Ubuntu 4.15.0-212.223-generic 4.15.18)
[    0.000000] Command line: BOOT_IMAGE=/boot/vmlinuz-4.15.0-212-generic root=LABEL=cloudimg-rootfs ro console=tty1 console=ttyS0
[    0.000000] KERNEL supported cpus:
[    0.000000]   Intel GenuineIntel
[    0.000000]   AMD AuthenticAMD
[    0.000000]   Centaur CentaurHauls
[    0.000000] x86/fpu: Supporting XSAVE feature 0x001: 'x87 floating point registers'
[    0.000000] x86/fpu: Supporting XSAVE feature 0x002: 'SSE registers'
[    0.000000] x86/fpu: Supporting XSAVE feature 0x004: 'AVX registers'
[    0.000000] x86/fpu: xstate_offset[2]:  576, xstate_sizes[2]:  256
[    0.000000] x86/fpu: Enabled xstate features 0x7, context size is 832 bytes, using 'standard' format.
[    0.000000] e820: BIOS-provided physical RAM map:
[    0.000000] BIOS-e820: [mem 0x0000000000000000-0x000000000009fbff] usable
[    0.000000] BIOS-e820: [mem 0x000000000009fc00-0x000000000009ffff] reserved
[    0.000000] BIOS-e820: [mem 0x00000000000f0000-0x00000000000fffff] reserved
[    0.000000] BIOS-e820: [mem 0x0000000000100000-0x000000003ffeffff] usable
[    0.000000] BIOS-e820: [mem 0x000000003fff0000-0x000000003fffffff] ACPI data
[    0.000000] BIOS-e820: [mem 0x00000000fec00000-0x00000000fec00fff] reserved
[    0.000000] BIOS-e820: [mem 0x00000000fee00000-0x00000000fee00fff] reserved
[    0.000000] BIOS-e820: [mem 0x00000000fffc0000-0x00000000ffffffff] reserved
[    0.000000] NX (Execute Disable) protection: active
[    0.000000] SMBIOS 2.5 present.
[    0.000000] DMI: innotek GmbH VirtualBox/VirtualBox, BIOS VirtualBox 12/01/2006
[    0.000000] Hypervisor detected: KVM
[    0.000000] e820: last_pfn = 0x3fff0 max_arch_pfn = 0x400000000
[    0.000000] MTRR: Disabled
[    0.000000] x86/PAT: MTRRs disabled, skipping PAT initialization too.
[    0.000000] CPU MTRRs all blank - virtualized system.
[    0.000000] x86/PAT: Configuration [0-7]: WB  WT  UC- UC  WB  WT  UC- UC  
[    0.000000] found SMP MP-table at [mem 0x0009fff0-0x0009ffff]
[    0.000000] Scanning 1 areas for low memory corruption
[    0.000000] RAMDISK: [mem 0x359cb000-0x36cdcfff]
[    0.000000] ACPI: Early table checksum verification disabled
[    0.000000] ACPI: RSDP 0x00000000000E0000 000024 (v02 VBOX  )
[    0.000000] ACPI: XSDT 0x000000003FFF0030 00003C (v01 VBOX   VBOXXSDT 00000001 ASL  00000061)
[    0.000000] ACPI: FACP 0x000000003FFF00F0 0000F4 (v04 VBOX   VBOXFACP 00000001 ASL  00000061)
[    0.000000] ACPI: DSDT 0x000000003FFF0610 002353 (v02 VBOX   VBOXBIOS 00000002 INTL 20100528)
[    0.000000] ACPI: FACS 0x000000003FFF0200 000040
[    0.000000] ACPI: FACS 0x000000003FFF0200 000040
[    0.000000] ACPI: APIC 0x000000003FFF0240 00005C (v02 VBOX   VBOXAPIC 00000001 ASL  00000061)
[    0.000000] ACPI: SSDT 0x000000003FFF02A0 00036C (v01 VBOX   VBOXCPUT 00000002 INTL 20100528)
[    0.000000] ACPI: Reserving FACP table memory at [mem 0x3fff00f0-0x3fff01e3]
[    0.000000] ACPI: Reserving DSDT table memory at [mem 0x3fff0610-0x3fff2962]
[    0.000000] ACPI: Reserving FACS table memory at [mem 0x3fff0200-0x3fff023f]
[    0.000000] ACPI: Reserving FACS table memory at [mem 0x3fff0200-0x3fff023f]
[    0.000000] ACPI: Reserving APIC table memory at [mem 0x3fff0240-0x3fff029b]
[    0.000000] ACPI: Reserving SSDT table memory at [mem 0x3fff02a0-0x3fff060b]
[    0.000000] No NUMA configuration found
[    0.000000] Faking a node at [mem 0x0000000000000000-0x000000003ffeffff]
[    0.000000] NODE_DATA(0) allocated [mem 0x3ffc5000-0x3ffeffff]
[    0.000000] kvm-clock: cpu 0, msr 0:3ff44001, primary cpu clock
[    0.000000] kvm-clock: Using msrs 4b564d01 and 4b564d00
[    0.000000] kvm-clock: using sched offset of 2903081492 cycles
[    0.000000] clocksource: kvm-clock: mask: 0xffffffffffffffff max_cycles: 0x1cd42e4dffb, max_idle_ns: 881590591483 ns
[    0.000000] Zone ranges:
[    0.000000]   DMA      [mem 0x0000000000001000-0x0000000000ffffff]
[    0.000000]   DMA32    [mem 0x0000000001000000-0x000000003ffeffff]
[    0.000000]   Normal   empty
[    0.000000]   Device   empty
[    0.000000] Movable zone start for each node
[    0.000000] Early memory node ranges
[    0.000000]   node   0: [mem 0x0000000000001000-0x000000000009efff]
[    0.000000]   node   0: [mem 0x0000000000100000-0x000000003ffeffff]
[    0.000000] Reserved but unavailable: 104 pages
[    0.000000] Initmem setup node 0 [mem 0x0000000000001000-0x000000003ffeffff]
[    0.000000] ACPI: PM-Timer IO Port: 0x4008
[    0.000000] IOAPIC[0]: apic_id 2, version 32, address 0xfec00000, GSI 0-23
[    0.000000] ACPI: INT_SRC_OVR (bus 0 bus_irq 0 global_irq 2 dfl dfl)
[    0.000000] ACPI: INT_SRC_OVR (bus 0 bus_irq 9 global_irq 9 low level)
[    0.000000] Using ACPI (MADT) for SMP configuration information
[    0.000000] smpboot: Allowing 2 CPUs, 0 hotplug CPUs
[    0.000000] PM: Registered nosave memory: [mem 0x00000000-0x00000fff]
[    0.000000] PM: Registered nosave memory: [mem 0x0009f000-0x0009ffff]
[    0.000000] PM: Registered nosave memory: [mem 0x000a0000-0x000effff]
[    0.000000] PM: Registered nosave memory: [mem 0x000f0000-0x000fffff]
[    0.000000] e820: [mem 0x40000000-0xfebfffff] available for PCI devices
[    0.000000] Booting paravirtualized kernel on KVM
[    0.000000] clocksource: refined-jiffies: mask: 0xffffffff max_cycles: 0xffffffff, max_idle_ns: 7645519600211568 ns
[    0.000000] setup_percpu: NR_CPUS:8192 nr_cpumask_bits:2 nr_cpu_ids:2 nr_node_ids:1
[    0.000000] percpu: Embedded 50 pages/cpu s167936 r8192 d28672 u1048576
[    0.000000] PV qspinlock hash table entries: 256 (order: 0, 4096 bytes)
[    0.000000] Built 1 zonelists, mobility grouping on.  Total pages: 257913
[    0.000000] Policy zone: DMA32
[    0.000000] Kernel command line: BOOT_IMAGE=/boot/vmlinuz-4.15.0-212-generic root=LABEL=cloudimg-rootfs ro console=tty1 console=ttyS0
[    0.000000] Memory: 982644K/1048120K available (12300K kernel code, 2477K rwdata, 4324K rodata, 2480K init, 2720K bss, 65476K reserved, 0K cma-reserved)
[    0.000000] SLUB: HWalign=64, Order=0-3, MinObjects=0, CPUs=2, Nodes=1
[    0.000000] ftrace: allocating 39508 entries in 155 pages
[    0.004000] Hierarchical RCU implementation.
[    0.004000] 	RCU restricting CPUs from NR_CPUS=8192 to nr_cpu_ids=2.
[    0.004000] 	Tasks RCU enabled.
[    0.004000] RCU: Adjusting geometry for rcu_fanout_leaf=16, nr_cpu_ids=2
[    0.004000] NR_IRQS: 524544, nr_irqs: 440, preallocated irqs: 16
[    0.004000] random: crng init done
[    0.004000] Console: colour VGA+ 80x25
[    0.004000] console [tty1] enabled
[    0.004000] console [ttyS0] enabled
[    0.004000] ACPI: Core revision 20170831
[    0.004000] ACPI: 2 ACPI AML tables successfully acquired and loaded
[    0.004000] APIC: Switch to symmetric I/O mode setup
[    0.004000] x2apic enabled
[    0.004000] Switched APIC routing to physical x2apic.
[    0.004000] ..TIMER: vector=0x30 apic1=0 pin1=2 apic2=-1 pin2=-1
[    0.004000] tsc: Detected 3599.998 MHz processor
[    0.004000] Calibrating delay loop (skipped) preset value.. 7199.99 BogoMIPS (lpj=14399992)
[    0.004003] pid_max: default: 32768 minimum: 301
[    0.004536] Security Framework initialized
[    0.005004] Yama: becoming mindful.
[    0.005423] AppArmor: AppArmor initialized
[    0.006182] Dentry cache hash table entries: 131072 (order: 8, 1048576 bytes)
[    0.007071] Inode-cache hash table entries: 65536 (order: 7, 524288 bytes)
[    0.008010] Mount-cache hash table entries: 2048 (order: 2, 16384 bytes)
[    0.008734] Mountpoint-cache hash table entries: 2048 (order: 2, 16384 bytes)
[    0.009704] Last level iTLB entries: 4KB 64, 2MB 8, 4MB 8
[    0.010331] Last level dTLB entries: 4KB 64, 2MB 0, 4MB 0, 1GB 4
[    0.010982] Spectre V1 : Mitigation: usercopy/swapgs barriers and __user pointer sanitization
[    0.012002] Spectre V2 : Mitigation: Retpolines
[    0.012509] Spectre V2 : Spectre v2 / SpectreRSB mitigation: Filling RSB on context switch
[    0.013447] Spectre V2 : Spectre v2 / SpectreRSB : Filling RSB on VMEXIT
[    0.014187] RETBleed: WARNING: Spectre v2 mitigation leaves CPU vulnerable to RETBleed attacks, data leaks possible!
[    0.015318] RETBleed: Vulnerable
[    0.016001] Speculative Store Bypass: Vulnerable
[    0.016622] MMIO Stale Data: Vulnerable: Clear CPU buffers attempted, no microcode
[    0.017482] SRBDS: Unknown: Dependent on hypervisor status
[    0.018199] Freeing SMP alternatives memory: 36K
[    0.128051] smpboot: CPU0: Intel(R) Core(TM) i9-9900K CPU @ 3.60GHz (family: 0x6, model: 0x9e, stepping: 0xd)
[    0.129676] Performance Events: unsupported p6 CPU model 158 no PMU driver, software events only.
[    0.131066] Hierarchical SRCU implementation.
[    0.132370] NMI watchdog: Perf event create on CPU 0 failed with -2
[    0.133055] NMI watchdog: Perf NMI watchdog permanently disabled
[    0.133735] smp: Bringing up secondary CPUs ...
[    0.134297] x86: Booting SMP configuration:
[    0.134774] .... node  #0, CPUs:      #1
[    0.004000] kvm-clock: cpu 1, msr 0:3ff44041, secondary cpu clock
[    0.138250] smp: Brought up 1 node, 2 CPUs
[    0.138250] smpboot: Max logical packages: 1
[    0.138250] smpboot: Total of 2 processors activated (14399.99 BogoMIPS)
[    0.140065] devtmpfs: initialized
[    0.140562] x86/mm: Memory block size: 128MB
[    0.141175] evm: security.selinux
[    0.141566] evm: security.SMACK64
[    0.141954] evm: security.SMACK64EXEC
[    0.142390] evm: security.SMACK64TRANSMUTE
[    0.142859] evm: security.SMACK64MMAP
[    0.143291] evm: security.apparmor
[    0.143689] evm: security.ima
[    0.144002] evm: security.capability
[    0.144441] clocksource: jiffies: mask: 0xffffffff max_cycles: 0xffffffff, max_idle_ns: 7645041785100000 ns
[    0.145113] futex hash table entries: 512 (order: 3, 32768 bytes)
[    0.145809] pinctrl core: initialized pinctrl subsystem
[    0.146504] RTC time:  1:48:42, date: 09/30/23
[    0.148033] NET: Registered protocol family 16
[    0.148576] audit: initializing netlink subsys (disabled)
[    0.149184] audit: type=2000 audit(1696038526.664:1): state=initialized audit_enabled=0 res=1
[    0.149184] cpuidle: using governor ladder
[    0.149184] cpuidle: using governor menu
[    0.149184] ACPI: bus type PCI registered
[    0.149488] acpiphp: ACPI Hot Plug PCI Controller Driver version: 0.5
[    0.152066] PCI: Using configuration type 1 for base access
[    0.152705] HugeTLB registered 2.00 MiB page size, pre-allocated 0 pages
[    0.152757] ACPI: Added _OSI(Module Device)
[    0.156005] ACPI: Added _OSI(Processor Device)
[    0.156506] ACPI: Added _OSI(3.0 _SCP Extensions)
[    0.157044] ACPI: Added _OSI(Processor Aggregator Device)
[    0.157643] ACPI: Added _OSI(Linux-Dell-Video)
[    0.158162] ACPI: Added _OSI(Linux-Lenovo-NV-HDMI-Audio)
[    0.158810] ACPI: Added _OSI(Linux-HPI-Hybrid-Graphics)
[    0.159616] ACPI: Executed 1 blocks of module-level executable AML code
[    0.162110] ACPI: Interpreter enabled
[    0.162757] ACPI: (supports S0 S5)
[    0.164002] ACPI: Using IOAPIC for interrupt routing
[    0.164980] PCI: Using host bridge windows from ACPI; if necessary, use "pci=nocrs" and report a bug
[    0.166620] ACPI: Enabled 2 GPEs in block 00 to 07
[    0.181004] ACPI: PCI Root Bridge [PCI0] (domain 0000 [bus 00-ff])
[    0.182110] acpi PNP0A03:00: _OSC: OS supports [ASPM ClockPM Segments MSI]
[    0.183280] acpi PNP0A03:00: _OSC: not requesting OS control; OS requires [ExtendedConfig ASPM ClockPM MSI]
[    0.184015] acpi PNP0A03:00: fail to add MMCONFIG information, can't access extended PCI configuration space under this bridge.
[    0.185502] PCI host bridge to bus 0000:00
[    0.185992] pci_bus 0000:00: root bus resource [io  0x0000-0x0cf7 window]
[    0.187112] pci_bus 0000:00: root bus resource [io  0x0d00-0xffff window]
[    0.188002] pci_bus 0000:00: root bus resource [mem 0x000a0000-0x000bffff window]
[    0.192003] pci_bus 0000:00: root bus resource [mem 0x40000000-0xfdffffff window]
[    0.194229] pci_bus 0000:00: root bus resource [bus 00-ff]
[    0.196723] pci 0000:00:01.1: legacy IDE quirk: reg 0x10: [io  0x01f0-0x01f7]
[    0.197813] pci 0000:00:01.1: legacy IDE quirk: reg 0x14: [io  0x03f6]
[    0.198726] pci 0000:00:01.1: legacy IDE quirk: reg 0x18: [io  0x0170-0x0177]
[    0.199848] pci 0000:00:01.1: legacy IDE quirk: reg 0x1c: [io  0x0376]
[    0.208785] pci 0000:00:07.0: quirk: [io  0x4000-0x403f] claimed by PIIX4 ACPI
[    0.209904] pci 0000:00:07.0: quirk: [io  0x4100-0x410f] claimed by PIIX4 SMB
[    0.215601] ACPI: PCI Interrupt Link [LNKA] (IRQs 5 9 10 *11)
[    0.216195] ACPI: PCI Interrupt Link [LNKB] (IRQs 5 9 *10 11)
[    0.217182] ACPI: PCI Interrupt Link [LNKC] (IRQs 5 *9 10 11)
[    0.218148] ACPI: PCI Interrupt Link [LNKD] (IRQs 5 9 10 *11)
[    0.219022] SCSI subsystem initialized
[    0.220030] pci 0000:00:02.0: vgaarb: setting as boot VGA device
[    0.220665] pci 0000:00:02.0: vgaarb: VGA device added: decodes=io+mem,owns=io+mem,locks=none
[    0.221599] pci 0000:00:02.0: vgaarb: bridge control possible
[    0.222235] vgaarb: loaded
[    0.222577] ACPI: bus type USB registered
[    0.223051] usbcore: registered new interface driver usbfs
[    0.224009] usbcore: registered new interface driver hub
[    0.224602] usbcore: registered new device driver usb
[    0.225192] EDAC MC: Ver: 3.0.0
[    0.225192] PCI: Using ACPI for IRQ routing
[    0.225192] NetLabel: Initializing
[    0.225192] NetLabel:  domain hash size = 128
[    0.225563] NetLabel:  protocols = UNLABELED CIPSOv4 CALIPSO
[    0.228012] NetLabel:  unlabeled traffic allowed by default
[    0.228635] clocksource: Switched to clocksource kvm-clock
[    0.238429] VFS: Disk quotas dquot_6.6.0
[    0.239043] VFS: Dquot-cache hash table entries: 512 (order 0, 4096 bytes)
[    0.240154] AppArmor: AppArmor Filesystem Enabled
[    0.241053] pnp: PnP ACPI init
[    0.242155] pnp: PnP ACPI: found 3 devices
[    0.249863] clocksource: acpi_pm: mask: 0xffffff max_cycles: 0xffffff, max_idle_ns: 2085701024 ns
[    0.251224] NET: Registered protocol family 2
[    0.251958] IP idents hash table entries: 16384 (order: 5, 131072 bytes)
[    0.253037] TCP established hash table entries: 8192 (order: 4, 65536 bytes)
[    0.253829] TCP bind hash table entries: 8192 (order: 5, 131072 bytes)
[    0.254550] TCP: Hash tables configured (established 8192 bind 8192)
[    0.255257] UDP hash table entries: 512 (order: 2, 16384 bytes)
[    0.255907] UDP-Lite hash table entries: 512 (order: 2, 16384 bytes)
[    0.256633] NET: Registered protocol family 1
[    0.257137] pci 0000:00:00.0: Limiting direct PCI/PCI transfers
[    0.257799] pci 0000:00:01.0: Activating ISA DMA hang workarounds
[    0.258495] pci 0000:00:02.0: Video device with shadowed ROM at [mem 0x000c0000-0x000dffff]
[    0.259483] Unpacking initramfs...
[    0.442871] Freeing initrd memory: 19528K
[    0.443733] clocksource: tsc: mask: 0xffffffffffffffff max_cycles: 0x33e451ab1a6, max_idle_ns: 440795278720 ns
[    0.445129] platform rtc_cmos: registered platform RTC device (no PNP device found)
[    0.446001] Scanning for low memory corruption every 60 seconds
[    0.447219] Initialise system trusted keyrings
[    0.447758] Key type blacklist registered
[    0.448392] workingset: timestamp_bits=36 max_order=18 bucket_order=0
[    0.450020] zbud: loaded
[    0.450858] squashfs: version 4.0 (2009/01/31) Phillip Lougher
[    0.451886] fuse init (API version 7.26)
[    0.454006] Key type asymmetric registered
[    0.454476] Asymmetric key parser 'x509' registered
[    0.455033] Block layer SCSI generic (bsg) driver version 0.4 loaded (major 246)
[    0.455868] io scheduler noop registered
[    0.456349] io scheduler deadline registered
[    0.456884] io scheduler cfq registered (default)
[    0.457579] ACPI: AC Adapter [AC] (on-line)
[    0.458085] input: Power Button as /devices/LNXSYSTM:00/LNXPWRBN:00/input/input0
[    0.459058] ACPI: Power Button [PWRF]
[    0.459528] input: Sleep Button as /devices/LNXSYSTM:00/LNXSLPBN:00/input/input1
[    0.460372] ACPI: Sleep Button [SLPF]
[    0.461123] Serial: 8250/16550 driver, 32 ports, IRQ sharing enabled
[    0.482312] 00:02: ttyS0 at I/O 0x3f8 (irq = 4, base_baud = 115200) is a 16550A
[    0.486173] Linux agpgart interface v0.103
[    0.487647] loop: module loaded
[    0.488816] scsi host0: ata_piix
[    0.489480] scsi host1: ata_piix
[    0.489878] ata1: PATA max UDMA/33 cmd 0x1f0 ctl 0x3f6 bmdma 0xd000 irq 14
[    0.490619] ata2: PATA max UDMA/33 cmd 0x170 ctl 0x376 bmdma 0xd008 irq 15
[    0.491411] tun: Universal TUN/TAP device driver, 1.6
[    0.492087] PPP generic driver version 2.4.2
[    0.492688] ehci_hcd: USB 2.0 'Enhanced' Host Controller (EHCI) Driver
[    0.493410] ehci-pci: EHCI PCI platform driver
[    0.493919] ehci-platform: EHCI generic platform driver
[    0.494506] ohci_hcd: USB 1.1 'Open' Host Controller (OHCI) Driver
[    0.495180] ohci-pci: OHCI PCI platform driver
[    0.495728] ohci-platform: OHCI generic platform driver
[    0.496331] uhci_hcd: USB Universal Host Controller Interface driver
[    0.497072] i8042: PNP: PS/2 Controller [PNP0303:PS2K,PNP0f03:PS2M] at 0x60,0x64 irq 1,12
[    0.498411] serio: i8042 KBD port at 0x60,0x64 irq 1
[    0.498983] serio: i8042 AUX port at 0x60,0x64 irq 12
[    0.499708] mousedev: PS/2 mouse device common for all mice
[    0.500726] rtc_cmos rtc_cmos: rtc core: registered rtc_cmos as rtc0
[    0.501494] rtc_cmos rtc_cmos: alarms up to one day, 114 bytes nvram
[    0.502215] i2c /dev entries driver
[    0.502694] input: AT Translated Set 2 keyboard as /devices/platform/i8042/serio0/input/input2
[    0.503790] device-mapper: uevent: version 1.0.3
[    0.504530] device-mapper: ioctl: 4.37.0-ioctl (2017-09-20) initialised: dm-devel@redhat.com
[    0.505525] ledtrig-cpu: registered to indicate activity on CPUs
[    0.506433] NET: Registered protocol family 10
[    0.508962] Segment Routing with IPv6
[    0.509402] NET: Registered protocol family 17
[    0.509951] Key type dns_resolver registered
[    0.510574] mce: Using 0 MCE banks
[    0.511034] RAS: Correctable Errors collector initialized.
[    0.511651] sched_clock: Marking stable (510556687, 0)->(612621151, -102064464)
[    0.512826] registered taskstats version 1
[    0.513296] Loading compiled-in X.509 certificates
[    0.515047] Loaded X.509 cert 'Build time autogenerated kernel key: b5b26778eaa3ab3a4a6cee031137706e947d12ad'
[    0.516487] Loaded X.509 cert 'Canonical Ltd. Live Patch Signing: 14df34d1a87cf37625abec039ef2bf521249b969'
[    0.517985] Loaded X.509 cert 'Canonical Ltd. Kernel Module Signing: 88f752e560a1e0737e31163a466ad7b70a850c19'
[    0.519113] blacklist: Loading compiled-in revocation X.509 certificates
[    0.519983] Loaded X.509 cert 'Canonical Ltd. Secure Boot Signing: 61482aa2830d0ab2ad5af10b7250da9033ddcef0'
[    0.521706] Loaded X.509 cert 'Canonical Ltd. Secure Boot Signing (2017): 242ade75ac4a15e50d50c84b0d45ff3eae707a03'
[    0.522855] Loaded X.509 cert 'Canonical Ltd. Secure Boot Signing (ESM 2018): 365188c1d374d6b07c3c8f240f8ef722433d6a8b'
[    0.524062] Loaded X.509 cert 'Canonical Ltd. Secure Boot Signing (2019): c0746fd6c5da3ae827864651ad66ae47fe24b3e8'
[    0.525284] Loaded X.509 cert 'Canonical Ltd. Secure Boot Signing (2021 v1): a8d54bbb3825cfb94fa13c9f8a594a195c107b8d'
[    0.526500] Loaded X.509 cert 'Canonical Ltd. Secure Boot Signing (2021 v2): 4cf046892d6fd3c9a5b03f98d845f90851dc6a8c'
[    0.527652] Loaded X.509 cert 'Canonical Ltd. Secure Boot Signing (2021 v3): 100437bb6de6e469b581e61cd66bce3ef4ed53af'
[    0.528889] Loaded X.509 cert 'Canonical Ltd. Secure Boot Signing (Ubuntu Core 2019): c1d57b8f6b743f23ee41f4f7ee292f06eecadfb9'
[    0.530127] zswap: loaded using pool lzo/zbud
[    0.532588] Key type big_key registered
[    0.533077] Key type trusted registered
[    0.534272] Key type encrypted registered
[    0.534732] AppArmor: AppArmor sha1 policy hashing enabled
[    0.535334] ima: No TPM chip found, activating TPM-bypass! (rc=-19)
[    0.536026] ima: Allocated hash algorithm: sha1
[    0.536596] evm: HMAC attrs: 0x1
[    0.537146]   Magic number: 7:165:813
[    0.537671] rtc_cmos rtc_cmos: setting system clock to 2023-09-30 01:48:42 UTC (1696038522)
[    0.538677] BIOS EDD facility v0.16 2004-Jun-25, 0 devices found
[    0.539329] EDD information not available.
[    0.672516] Freeing unused kernel image memory: 2480K
[    0.681178] Write protecting the kernel read-only data: 20480k
[    0.682503] Freeing unused kernel image memory: 2008K
[    0.683622] Freeing unused kernel image memory: 1820K
[    0.689698] x86/mm: Checked W+X mappings: passed, no W+X pages found.
Loading, please wait...
starting version 237
[    0.726874] e1000: Intel(R) PRO/1000 Network Driver - version 7.3.21-k8-NAPI
[    0.727917] e1000: Copyright (c) 1999-2006 Intel Corporation.
[    0.730737] Fusion MPT base driver 3.04.20
[    0.731394] Copyright (c) 1999-2008 LSI Corporation
[    0.742391] Fusion MPT SPI Host driver 3.04.20
[    0.745514] AVX2 version of gcm_enc/dec engaged.
[    0.746443] AES CTR mode by8 optimization enabled
[    0.747294] mptbase: ioc0: Initiating bringup
[    1.007639] input: ImExPS/2 Generic Explorer Mouse as /devices/platform/i8042/serio1/input/input4
[    1.187561] ioc0: LSI53C1030 A0: Capabilities={Initiator}
[    4.161863] scsi host2: ioc0: LSI53C1030 A0, FwRev=00000000h, Ports=1, MaxQ=256, IRQ=20
[    7.038467] scsi 2:0:0:0: Direct-Access     VBOX     HARDDISK         1.0  PQ: 0 ANSI: 5
[    7.068182] scsi target2:0:0: Beginning Domain Validation
[    7.071035] scsi target2:0:0: Domain Validation skipping write tests
[    7.072343] scsi target2:0:0: Ending Domain Validation
[    7.081039] scsi target2:0:0: asynchronous
[    7.093699] scsi 2:0:1:0: Direct-Access     VBOX     HARDDISK         1.0  PQ: 0 ANSI: 5
[    7.126338] scsi target2:0:1: Beginning Domain Validation
[    7.149120] scsi target2:0:1: Domain Validation skipping write tests
[    7.150064] scsi target2:0:1: Ending Domain Validation
[    7.150894] scsi target2:0:1: asynchronous
[    7.154769] sd 2:0:0:0: [sda] 83886080 512-byte logical blocks: (42.9 GB/40.0 GiB)
[    7.156211] sd 2:0:0:0: [sda] Write Protect is off
[    7.156858] sd 2:0:0:0: [sda] Incomplete mode parameter data
[    7.157490] sd 2:0:0:0: [sda] Assuming drive cache: write through
[    7.159037] sd 2:0:0:0: Attached scsi generic sg0 type 0
[    7.160231]  sda: sda1
[    7.163672] sd 2:0:0:0: [sda] Attached SCSI disk
[    7.164691] sd 2:0:1:0: [sdb] 20480 512-byte logical blocks: (10.5 MB/10.0 MiB)
[    7.165894] sd 2:0:1:0: [sdb] Write Protect is off
[    7.166696] sd 2:0:1:0: [sdb] Incomplete mode parameter data
[    7.167395] sd 2:0:1:0: [sdb] Assuming drive cache: write through
[    7.168213] sd 2:0:1:0: Attached scsi generic sg1 type 0
[    7.173440] sd 2:0:1:0: [sdb] Attached SCSI disk
[    7.391208] e1000 0000:00:03.0 eth0: (PCI:33MHz:32-bit) 02:3b:7b:b7:3b:2d
[    7.392308] e1000 0000:00:03.0 eth0: Intel(R) PRO/1000 Network Connection
[    7.739649] e1000 0000:00:08.0 eth1: (PCI:33MHz:32-bit) 08:00:27:52:fe:25
[    7.741047] e1000 0000:00:08.0 eth1: Intel(R) PRO/1000 Network Connection
[    7.742783] e1000 0000:00:08.0 enp0s8: renamed from eth1
[    7.756556] e1000 0000:00:03.0 enp0s3: renamed from eth0
Begin: Loading essential drivers ... [    9.264831] raid6: sse2x1   gen() 16138 MB/s
[    9.312211] raid6: sse2x1   xor()  9105 MB/s
[    9.360046] raid6: sse2x2   gen() 18797 MB/s
[    9.408364] raid6: sse2x2   xor() 12524 MB/s
[    9.456758] raid6: sse2x4   gen() 20891 MB/s
[    9.504659] raid6: sse2x4   xor() 11349 MB/s
[    9.552591] raid6: avx2x1   gen() 31628 MB/s
[    9.600219] raid6: avx2x1   xor() 18271 MB/s
[    9.648105] raid6: avx2x2   gen() 35016 MB/s
[    9.696019] raid6: avx2x2   xor() 23537 MB/s
[    9.744826] raid6: avx2x4   gen() 39494 MB/s
[    9.792360] raid6: avx2x4   xor() 19826 MB/s
[    9.793041] raid6: using algorithm avx2x4 gen() 39494 MB/s
[    9.793945] raid6: .... xor() 19826 MB/s, rmw enabled
[    9.794789] raid6: using avx2x2 recovery algorithm
[    9.796303] xor: automatically using best checksumming function   avx       
[    9.797811] async_tx: api initialized (async)
done.
Begin: Running /scripts/init-premount ... done.
Begin: Mounting root file system ... Begin: Running /scripts/local-top ... done.
Begin: Running /scripts/local-premount ... [    9.825318] Btrfs loaded, crc32c=crc32c-intel
Scanning for Btrfs filesystems
done.
Warning: fsck not present, so skipping root file system
[    9.846417] EXT4-fs (sda1): mounted filesystem with ordered data mode. Opts: (null)
done.
Begin: Running /scripts/local-bottom ... done.
Begin: Running /scripts/init-bottom ... done.
[    9.954004] ip_tables: (C) 2000-2006 Netfilter Core Team
[    9.959699] systemd[1]: systemd 237 running in system mode. (+PAM +AUDIT +SELINUX +IMA +APPARMOR +SMACK +SYSVINIT +UTMP +LIBCRYPTSETUP +GCRYPT +GNUTLS +ACL +XZ +LZ4 +SECCOMP +BLKID +ELFUTILS +KMOD -IDN2 +IDN -PCRE2 default-hierarchy=hybrid)
[    9.962780] systemd[1]: Detected virtualization oracle.
[    9.963382] systemd[1]: Detected architecture x86-64.

Welcome to [1mUbuntu 18.04.6 LTS[0m!

[    9.967283] systemd[1]: Set hostname to <web03>.
[   10.137050] systemd[1]: Reached target Swap.
[[0;32m  OK  [0m] Reached target Swap.
[   10.138939] systemd[1]: Created slice System Slice.
[[0;32m  OK  [0m] Created slice System Slice.
[   10.139918] systemd[1]: Listening on Journal Socket.
[[0;32m  OK  [0m] Listening on Journal Socket.
[   10.140892] systemd[1]: Listening on udev Control Socket.
[[0;32m  OK  [0m] Listening on udev Control Socket.
[   10.141942] systemd[1]: Listening on Journal Audit Socket.
[[0;32m  OK  [0m] Listening on Journal Audit Socket.
[   10.143211] systemd[1]: Created slice system-serial\x2dgetty.slice.
[[0;32m  OK  [0m] Created slice system-serial\x2dgetty.slice.
[[0;32m  OK  [0m] Listening on Device-mapper event daemon FIFOs.
         Starting Create list of required stâ€¦ce nodes for the current kernel...
[[0;32m  OK  [0m] Listening on LVM2 poll daemon socket.
[[0;32m  OK  [0m] Listening on fsck to fsckd communication Socket.
[[0;32m  OK  [0m] Reached target User and Group Name Lookups.
[[0;32m  OK  [0m] Created slice User and Session Slice.
[[0;32m  OK  [0m] Reached target Slices.
         Mounting Huge Pages File System...
         Starting File System Check on Root Device...
[[0;32m  OK  [0m] Reached target System Time Synchronized.
[[0;32m  OK  [0m] Set up automount Arbitrary Executabâ€¦rmats File System Automount Point.
[[0;32m  OK  [0m] Listening on udev Kernel Socket.
[[0;32m  OK  [0m] Listening on Network Service Netlink Socket.
         Starting Uncomplicated firewall...
[[0;32m  OK  [0m] Listening on Syslog Socket.
[[0;32m  OK  [0m] Listening on Journal Socket (/dev/log).
         Starting Journal Service...
[[0;32m  OK  [0m] Listening on LVM2 metadata daemon socket.
         Starting udev Coldplug all Devices...
         Starting Monitoring of LVM2 mirrorsâ€¦ng dmeventd or progress polling...
         Mounting Kernel Debug File System...
         Starting Load Kernel Modules...
[   10.226716] Loading iSCSI transport class v2.0-870.
         Starting Set the console keyboard layout...
         Mounting POSIX Message Queue File System...
[[0;32m  OK  [0m] Started Forward Password Requests to Wall Directory Watch.
[[0;32m  OK  [0m] Listening on /dev/initctl Compatibility Named Pipe.
[[0;32m  OK  [0m] Reached target Mounting snaps.
[[0;32m  OK  [0m] Reached target Mounted snaps.
[   10.232104] iscsi: registered transport (tcp)
[[0;32m  OK  [0m] Started Journal Service.
[[0;32m  OK  [0m] Started Create list of required staâ€¦vice nodes for the current kernel.
[[0;32m  OK  [0m] Mounted Huge Pages File System.
[[0;32m  OK  [0m] Started File System Check on Root Device.
[[0;32m  OK  [0m] Started Uncomplicated firewall.
[[0;32m  OK  [0m] Mounted Kernel Debug File System.
[[0;32m  OK  [0m] Mounted POSIX Message Queue File System.
[   10.246250] iscsi: registered transport (iser)
[[0;32m  OK  [0m] Started Load Kernel Modules.
[[0;32m  OK  [0m] Started File System Check Daemon to report status.
[[0;32m  OK  [0m] Started LVM2 metadata daemon.
         Starting Apply Kernel Variables...
         Mounting Kernel Configuration File System...
         Mounting FUSE Control File System...
         Starting Remount Root and Kernel File Systems...
         Starting Create Static Device Nodes in /dev...
[[0;32m  OK  [0m] Started Monitoring of LVM2 mirrors,â€¦sing dmeventd or progress polling.
[[0;32m  OK  [0m] Started udev Coldplug all Devices.
[[0;32m  OK  [0m] Started Apply Kernel Variables.
[[0;32m  OK  [0m] Started Set the console keyboard layout.
[[0;32m  OK  [0m] Mounted Kernel Configuration File System.
[[0;32m  OK  [0m] Mounted FUSE Control File System.
[[0;32m  OK  [0m] Started Remount Root and Kernel File Systems.
[[0;32m  OK  [0m] Started Create Static Device Nodes in /dev.
         Starting udev Kernel Device Manager...
         Starting Load/Save Random Seed...
         Starting Flush Journal to Persistent Storage...
[[0;32m  OK  [0m] Reached target Local File Systems (Pre).
[[0;32m  OK  [0m] Reached target Local File Systems.
         Starting Tell Plymouth To Write Out Runtime Data...
         Starting Set console font and keymap...
         Starting AppArmor initialization...
         Starting ebtables ruleset management...
[[0;32m  OK  [0m] Started udev Kernel Device Manager.
[[0;32m  OK  [0m] Started Load/Save Random Seed.
[[0;32m  OK  [0m] Started Tell Plymouth To Write Out Runtime Data.
[[0;32m  OK  [0m] Started Set console font and keymap.
[[0;32m  OK  [0m] Found device /dev/ttyS0.
[[0;32m  OK  [0m] Started Dispatch Password Requests to Console Directory Watch.
[[0;32m  OK  [0m] Reached target Local Encrypted Volumes.
[[0;32m  OK  [0m] Listening on Load/Save RF Kill Switch Status /dev/rfkill Watch.
[[0;32m  OK  [0m] Started ebtables ruleset management.
[[0;32m  OK  [0m] Started Flush Journal to Persistent Storage.
         Starting Create Volatile Files and Directories...
[[0;32m  OK  [0m] Started Create Volatile Files and Directories.
         Starting Update UTMP about System Boot/Shutdown...
[[0;32m  OK  [0m] Started Update UTMP about System Boot/Shutdown.
         Mounting Arbitrary Executable File Formats File System...
[[0;32m  OK  [0m] Mounted Arbitrary Executable File Formats File System.
[[0;32m  OK  [0m] Started AppArmor initialization.
         Starting Load AppArmor profiles managed internally by snapd...
         Starting Initial cloud-init job (pre-networking)...
[[0;32m  OK  [0m] Started Load AppArmor profiles managed internally by snapd.
[   11.495029] cloud-init[581]: Cloud-init v. 23.1.2-0ubuntu0~18.04.1 running 'init-local' at Sat, 30 Sep 2023 01:48:53 +0000. Up 11.37 seconds.
[[0;32m  OK  [0m] Started Initial cloud-init job (pre-networking).
[[0;32m  OK  [0m] Reached target Network (Pre).
         Starting Network Service...
[[0;32m  OK  [0m] Started Network Service.
         Starting Wait for Network to be Configured...
         Starting Network Name Resolution...
[[0;32m  OK  [0m] Started Network Name Resolution.
[[0;32m  OK  [0m] Reached target Host and Network Name Lookups.
[[0;32m  OK  [0m] Reached target Network.
[[0;32m  OK  [0m] Started Wait for Network to be Configured.
         Starting Initial cloud-init job (metadata service crawler)...
[   13.670111] cloud-init[703]: Cloud-init v. 23.1.2-0ubuntu0~18.04.1 running 'init' at Sat, 30 Sep 2023 01:48:55 +0000. Up 13.57 seconds.
[   13.671574] cloud-init[703]: ci-info: ++++++++++++++++++++++++++++++++++++++Net device info+++++++++++++++++++++++++++++++++++++++
[   13.672467] cloud-init[703]: ci-info: +--------+------+-----------------------------+---------------+--------+-------------------+
[   13.673309] cloud-init[703]: ci-info: | Device |  Up  |           Address           |      Mask     | Scope  |     Hw-Address    |
[   13.684501] cloud-init[703]: ci-info: +--------+------+-----------------------------+---------------+--------+-------------------+
[   13.686116] cloud-init[703]: ci-info: | enp0s3 | True |          10.0.2.15          | 255.255.255.0 | global | 02:3b:7b:b7:3b:2d |
[   13.687060] cloud-init[703]: ci-info: | enp0s3 | True |  fe80::3b:7bff:feb7:3b2d/64 |       .       |  link  | 02:3b:7b:b7:3b:2d |
[   13.696205] cloud-init[703]: ci-info: | enp0s8 | True |        192.168.10.15        | 255.255.255.0 | global | 08:00:27:52:fe:25 |
[   13.696916] cloud-init[703]: ci-info: | enp0s8 | True | fe80::a00:27ff:fe52:fe25/64 |       .       |  link  | 08:00:27:52:fe:25 |
[   13.708294] cloud-init[703]: ci-info: |   lo   | True |          127.0.0.1          |   255.0.0.0   |  host  |         .         |
[   13.724194] cloud-init[703]: ci-info: |   lo   | True |           ::1/128           |       .       |  host  |         .         |
[   13.736422] cloud-init[703]: ci-info: +--------+------+-----------------------------+---------------+--------+-------------------+
[   13.748430] cloud-init[703]: ci-info: +++++++++++++++++++++++++++++Route IPv4 info+++++++++++++++++++++++++++++
[   13.749262] cloud-init[703]: ci-info: +-------+--------------+----------+-----------------+-----------+-------+
[   13.760702] cloud-init[703]: ci-info: | Route | Destination  | Gateway  |     Genmask     | Interface | Flags |
[   13.776325] cloud-init[703]: ci-info: +-------+--------------+----------+-----------------+-----------+-------+
[   13.788965] cloud-init[703]: ci-info: |   0   |   0.0.0.0    | 10.0.2.2 |     0.0.0.0     |   enp0s3  |   UG  |
[   13.789887] cloud-init[703]: ci-info: |   1   |   10.0.2.0   | 0.0.0.0  |  255.255.255.0  |   enp0s3  |   U   |
[   13.790827] cloud-init[703]: ci-info: |   2   |   10.0.2.2   | 0.0.0.0  | 255.255.255.255 |   enp0s3  |   UH  |
[   13.791669] cloud-init[703]: ci-info: |   3   | 192.168.10.0 | 0.0.0.0  |  255.255.255.0  |   enp0s8  |   U   |
[   13.792343] cloud-init[703]: ci-info: +-------+--------------+----------+-----------------+-----------+-------+
[   13.793229] cloud-init[703]: ci-info: +++++++++++++++++++Route IPv6 info+++++++++++++++++++
[   13.793968] cloud-init[703]: ci-info: +-------+-------------+---------+-----------+-------+
[   13.794705] cloud-init[703]: ci-info: | Route | Destination | Gateway | Interface | Flags |
[   13.795455] cloud-init[703]: ci-info: +-------+-------------+---------+-----------+-------+
[   13.795938] cloud-init[703]: ci-info: |   1   |  fe80::/64  |    ::   |   enp0s3  |   U   |
[   13.796664] cloud-init[703]: ci-info: |   2   |  fe80::/64  |    ::   |   enp0s8  |   U   |
[   13.797365] cloud-init[703]: ci-info: |   4   |    local    |    ::   |   enp0s3  |   U   |
[   13.798114] cloud-init[703]: ci-info: |   5   |    local    |    ::   |   enp0s8  |   U   |
[   13.808448] cloud-init[703]: ci-info: |   6   |   ff00::/8  |    ::   |   enp0s3  |   U   |
[[0;32m  OK  [0m] Started Initial cloud-init job (metadata service crawler).
[[0;32m  OK  [0m] Reached target Network is Online.
[   13.826410] cloud-init[703]: ci-info: |   7   |   ff00::/8  |    ::   |   enp0s8  |   U   |
         Starting Availability of block devices...
[[0;32m  OK  [0m] Reached target Remote File Systems (Pre).
[   13.871299] cloud-init[703]: ci-info: +-------+-------------+---------+-----------+-------+
         Mounting /vagrant...
[[0;32m  OK  [0m] Reached target System Initialization.
[[0;32m  OK  [0m] Listening on D-Bus System Message Bus Socket.
[[0;32m  OK  [0m] Started ACPI Events Check.
[[0;32m  OK  [0m] Reached target Paths.
         Starting LXD - unix socket.
         Starting Socket activation for snappy daemon.
[[0;32m  OK  [0m] Started Message of the Day.
[[0;32m  OK  [0m] Listening on UUID daemon activation socket.
[[0;32m  OK  [0m] Started Ubuntu Advantage Timer for running repeated jobs.
[[0;32m  OK  [0m] Listening on cloud-init hotplug hook socket.
[[0;32m  OK  [0m] Started Daily Cleanup of Temporary Directories.
[[0;32m  OK  [0m] Started Discard unused blocks once a week.
[[0;32m  OK  [0m] Listening on ACPID Listen Socket.
[[0;32m  OK  [0m] Listening on Open-iSCSI iscsid Socket.
[[0;32m  OK  [0m] Started Daily apt download activities.
[[0;32m  OK  [0m] Started Daily apt upgrade and clean activities.
[[0;32m  OK  [0m] Reached target Timers.
[[0;32m  OK  [0m] Reached target Cloud-config availability.
[[0;32m  OK  [0m] Started Availability of block devices.
[[0;32m  OK  [0m] Mounted /vagrant.
[[0;32m  OK  [0m] Listening on LXD - unix socket.
[[0;32m  OK  [0m] Listening on Socket activation for snappy daemon.
[[0;32m  OK  [0m] Reached target Sockets.
[[0;32m  OK  [0m] Reached target Basic System.
         Starting LXD - container startup/shutdown...
[[0;32m  OK  [0m] Started Regular background program processing daemon.
         Starting Login Service...
[[0;32m  OK  [0m] Started irqbalance daemon.
         Starting System Logging Service...
         Starting Discard unused blocks...
         Starting Snap Daemon...
         Starting LSB: Record successful boot for GRUB...
         Starting Dispatcher daemon for systemd-networkd...
         Starting OpenBSD Secure Shell server...
[[0;32m  OK  [0m] Reached target Login Prompts (Pre).
[[0;32m  OK  [0m] Started D-Bus System Message Bus.
[[0;32m  OK  [0m] Started Deferred execution scheduler.
[[0;32m  OK  [0m] Started FUSE filesystem for LXC.
         Starting Message of the Day...
         Starting Virtualbox guest utils...
         Starting Accounts Service...
[[0;32m  OK  [0m] Reached target Remote File Systems.
         Starting Permit User Sessions...
         Starting LSB: automatic crash report generation...
[[0;32m  OK  [0m] Started System Logging Service.
[[0;32m  OK  [0m] Started LXD - container startup/shutdown.
[[0;32m  OK  [0m] Started Discard unused blocks.
[[0;32m  OK  [0m] Started Login Service.
[[0;32m  OK  [0m] Started OpenBSD Secure Shell server.
[[0;32m  OK  [0m] Started Unattended Upgrades Shutdown.
[[0;32m  OK  [0m] Started Permit User Sessions.
         Starting Terminate Plymouth Boot Screen...
         Starting Hold until boot process finishes up...
[[0;32m  OK  [0m] Started Terminate Plymouth Boot Screen.
[[0;32m  OK  [0m] Started Hold until boot process finishes up.
         Starting Set console scheme...
[[0;32m  OK  [0m] Started Serial Getty on ttyS0.
[[0;32m  OK  [0m] Started Set console scheme.
[[0;32m  OK  [0m] Created slice system-getty.slice.
[[0;32m  OK  [0m] Started Getty on tty1.
[[0;32m  OK  [0m] Reached target Login Prompts.
[[0;32m  OK  [0m] Started Virtualbox guest utils.
[[0;32m  OK  [0m] Started LSB: automatic crash report generation.
[[0;32m  OK  [0m] Started LSB: Record successful boot for GRUB.
[[0;32m  OK  [0m] Created slice User Slice of vagrant.
         Starting User Manager for UID 1000...
         Starting Authorization Manager...
[[0;32m  OK  [0m] Started Session 1 of user vagrant.
[[0;32m  OK  [0m] Started Authorization Manager.
[[0;32m  OK  [0m] Started Accounts Service.
[[0;32m  OK  [0m] Started Dispatcher daemon for systemd-networkd.
[[0;32m  OK  [0m] Started Snap Daemon.
         Starting Wait until snapd is fully seeded...
         Starting Time & Date Service...
[[0;32m  OK  [0m] Started User Manager for UID 1000.
[[0;32m  OK  [0m] Started Time & Date Service.
[[0;32m  OK  [0m] Started Wait until snapd is fully seeded.
         Starting Apply the settings specified in cloud-config...
[   15.481016] cloud-init[1328]: Cloud-init v. 23.1.2-0ubuntu0~18.04.1 running 'modules:config' at Sat, 30 Sep 2023 01:48:57 +0000. Up 15.39 seconds.
[[0;32m  OK  [0m] Started Apply the settings specified in cloud-config.
[[0;32m  OK  [0m] Reached target Multi-User System.
[[0;32m  OK  [0m] Reached target Graphical Interface.
         Starting Update UTMP about System Runlevel Changes...
         Starting Execute cloud user/final scripts...
[[0;32m  OK  [0m] Started Update UTMP about System Runlevel Changes.
[   15.992815] cloud-init[1407]: Cloud-init v. 23.1.2-0ubuntu0~18.04.1 running 'modules:final' at Sat, 30 Sep 2023 01:48:57 +0000. Up 15.91 seconds.
[   16.004849] cloud-init[1407]: Cloud-init v. 23.1.2-0ubuntu0~18.04.1 finished at Sat, 30 Sep 2023 01:48:57 +0000. Datasource DataSourceNoCloud [seed=/dev/sdb][dsmode=net].  Up 15.98 seconds
[[0;32m  OK  [0m] Started Message of the Day.
[[0;32m  OK  [0m] Started Execute cloud user/final scripts.
         Starting Daily apt download activities...
[[0;32m  OK  [0m] Reached target Cloud-init target.
         Starting Update APT News...
         Starting Update the local ESM caches...
[[0;32m  OK  [0m] Started Update the local ESM caches.
[[0;32m  OK  [0m] Started Update APT News.

Ubuntu 18.04.6 LTS web03 ttyS0

web03 login: [[0;32m  OK  [0m] Started Daily apt upgrade and clean activities.
